// Jest Snapshot v1, https://goo.gl/fbAQLP

exports[`Spinner should match Snapshot 1`] = `
<div
  className="spinner"
>
  <div
    className="rect1"
  />
  <div
    className="rect2"
  />
  <div
    className="rect3"
  />
  <div
    className="rect4"
  />
  <div
    className="rect5"
  />
</div>
`;
